2025-08-11 05:21:21,450 - Knowledge - INFO - Redis support added with prefix knowledge:b75467n:
2025-08-11 05:21:21,749 - Knowledge - INFO - load persisted knowledge: begin
2025-08-11 05:21:21,755 - Knowledge - INFO - load persisted knowledge: end
2025-08-11 05:21:21,755 - Knowledge - INFO - load persisted docinfo: begin
2025-08-11 05:21:21,757 - Knowledge - INFO - load persisted docinfo: end
2025-08-11 05:21:21,811 - Knowledge - INFO - worker kw1 created with dedicated MongoDB connection (total: 1)
2025-08-11 05:21:21,812 - Knowledge - INFO - knowledge worker kw1 start
2025-08-11 05:21:21,814 - Knowledge - INFO - worker kw2 created with dedicated MongoDB connection (total: 2)
2025-08-11 05:21:21,814 - Knowledge - INFO - knowledge worker kw2 start
2025-08-11 05:21:21,819 - Knowledge - INFO - worker kw2 pull /app/data/b2c/4316/b75467n/sample-4316/org.eclipse.example.calc.test/tst/org/eclipse/example/calc/OperationsTest.java from ingest queue
2025-08-11 05:21:21,820 - Knowledge - INFO - worker kw1 pull /app/data/b2c/4316/b75467n/sample-4316/org.eclipse.example.calc.test/tst/org/eclipse/example/calc/internal/operations/PlusTest.java from ingest queue
2025-08-11 05:21:21,825 - Knowledge - INFO - worker kw3 created with dedicated MongoDB connection (total: 3)
2025-08-11 05:21:21,825 - Knowledge - INFO - knowledge worker kw3 start
2025-08-11 05:21:21,826 - Knowledge - INFO - worker kw3 pull /app/data/b2c/4316/b75467n/sample-4316/org.eclipse.example.calc.test/tst/org/eclipse/example/calc/internal/operations/MinusTest.java from ingest queue
2025-08-11 05:21:21,829 - Knowledge - INFO - worker kw4 created with dedicated MongoDB connection (total: 4)
2025-08-11 05:21:21,829 - Knowledge - INFO - knowledge worker kw4 start
2025-08-11 05:21:21,833 - Knowledge - INFO - worker kw5 created with dedicated MongoDB connection (total: 5)
2025-08-11 05:21:21,834 - Knowledge - INFO - knowledge worker kw5 start
2025-08-11 05:21:21,835 - Knowledge - INFO - worker kw6 created with dedicated MongoDB connection (total: 6)
2025-08-11 05:21:21,836 - Knowledge - INFO - knowledge worker kw6 start
2025-08-11 05:21:21,837 - Knowledge - INFO - worker kw6 pull /app/data/b2c/4316/b75467n/sample-4316/org.eclipse.example.calc.test/tst/org/eclipse/example/calc/internal/operations/SquareTest.java from ingest queue
2025-08-11 05:21:21,838 - Knowledge - INFO - worker kw7 created with dedicated MongoDB connection (total: 7)
2025-08-11 05:21:21,839 - Knowledge - INFO - knowledge worker kw7 start
2025-08-11 05:21:21,842 - Knowledge - INFO - worker kw4 pull /app/data/b2c/4316/b75467n/sample-4316/org.eclipse.example.calc.test/tst/org/eclipse/example/calc/internal/operations/AbstractOperationTest.java from ingest queue
2025-08-11 05:21:21,844 - Knowledge - INFO - worker kw7 pull /app/data/b2c/4316/b75467n/sample-4316/org.eclipse.example.calc.test/tst/org/eclipse/example/calc/internal/operations/EqualsTest.java from ingest queue
2025-08-11 05:21:21,851 - Knowledge - INFO - worker kw8 created with dedicated MongoDB connection (total: 8)
2025-08-11 05:21:21,852 - Knowledge - INFO - knowledge worker kw8 start
2025-08-11 05:21:21,853 - Knowledge - INFO - worker kw8 pull /app/data/b2c/4316/b75467n/sample-4316/org.eclipse.example.calc.test/tst/org/eclipse/example/calc/internal/CalculatorTest.java from ingest queue
2025-08-11 05:21:21,857 - Knowledge - INFO - worker kw5 pull /app/data/b2c/4316/b75467n/sample-4316/org.eclipse.example.calc.test/pom.xml from ingest queue
2025-08-11 05:21:21,861 - Knowledge - INFO - worker kw9 created with dedicated MongoDB connection (total: 9)
2025-08-11 05:21:21,868 - Knowledge - INFO - knowledge worker kw9 start
2025-08-11 05:21:21,869 - Knowledge - INFO - worker kw9 pull /app/data/b2c/4316/b75467n/sample-4316/org.eclipse.example.calc/src/org/eclipse/example/calc/UnaryOperation.java from ingest queue
2025-08-11 05:21:21,889 - Knowledge - INFO - worker kw10 created with dedicated MongoDB connection (total: 10)
2025-08-11 05:21:21,891 - Knowledge - INFO - knowledge worker kw10 start
2025-08-11 05:21:21,891 - Knowledge - INFO - worker kw10 pull /app/data/b2c/4316/b75467n/sample-4316/org.eclipse.example.calc/src/org/eclipse/example/calc/Operations.java from ingest queue
2025-08-11 05:21:21,893 - Knowledge - INFO - worker kw11 created with dedicated MongoDB connection (total: 11)
2025-08-11 05:21:21,894 - Knowledge - INFO - knowledge worker kw11 start
2025-08-11 05:21:21,896 - Knowledge - INFO - worker kw11 pull /app/data/b2c/4316/b75467n/sample-4316/org.eclipse.example.calc/src/org/eclipse/example/calc/BinaryOperation.java from ingest queue
2025-08-11 05:21:21,904 - Knowledge - INFO - process ingested knowledge for /app/data/b2c/4316/b75467n/sample-4316/org.eclipse.example.calc.test/tst/org/eclipse/example/calc/internal/operations/PlusTest.java
2025-08-11 05:21:21,905 - Knowledge - INFO - worker kw12 created with dedicated MongoDB connection (total: 12)
2025-08-11 05:21:21,906 - Knowledge - INFO - knowledge worker kw12 start
2025-08-11 05:21:21,907 - Knowledge - INFO - worker kw12 pull /app/data/b2c/4316/b75467n/sample-4316/org.eclipse.example.calc/src/org/eclipse/example/calc/Operation.java from ingest queue
2025-08-11 05:21:21,909 - Knowledge - INFO - worker kw13 created with dedicated MongoDB connection (total: 13)
2025-08-11 05:21:21,910 - Knowledge - INFO - knowledge worker kw13 start
2025-08-11 05:21:21,914 - Knowledge - INFO - Found code-base-name: https://github.com/kavia-common/sample-4316.git:kavia-master
2025-08-11 05:21:21,914 - Knowledge - INFO - Found code_base: <app.utils.kg_build.knowledge.KnowledgeCodeBase object at 0x7f3e281e8150>
2025-08-11 05:21:21,914 - Knowledge - INFO - persist ingested knowledge for /app/data/b2c/4316/b75467n/sample-4316/org.eclipse.example.calc.test/tst/org/eclipse/example/calc/internal/operations/PlusTest.java
2025-08-11 05:21:21,917 - Knowledge - INFO - worker kw14 created with dedicated MongoDB connection (total: 14)
2025-08-11 05:21:21,918 - Knowledge - INFO - knowledge worker kw14 start
2025-08-11 05:21:21,919 - Knowledge - INFO - process ingested knowledge for /app/data/b2c/4316/b75467n/sample-4316/org.eclipse.example.calc.test/tst/org/eclipse/example/calc/OperationsTest.java
2025-08-11 05:21:21,923 - Knowledge - INFO - worker kw15 created with dedicated MongoDB connection (total: 15)
2025-08-11 05:21:21,924 - Knowledge - INFO - knowledge worker kw15 start
2025-08-11 05:21:21,925 - Knowledge - INFO - process ingested knowledge for /app/data/b2c/4316/b75467n/sample-4316/org.eclipse.example.calc.test/tst/org/eclipse/example/calc/internal/operations/SquareTest.java
2025-08-11 05:21:21,926 - Knowledge - INFO - worker kw16 created with dedicated MongoDB connection (total: 16)
2025-08-11 05:21:21,926 - Knowledge - INFO - knowledge worker kw16 start
2025-08-11 05:21:21,929 - Knowledge - INFO - worker kw17 created with dedicated MongoDB connection (total: 17)
2025-08-11 05:21:21,934 - Knowledge - INFO - process ingested knowledge for /app/data/b2c/4316/b75467n/sample-4316/org.eclipse.example.calc.test/tst/org/eclipse/example/calc/internal/CalculatorTest.java
2025-08-11 05:21:21,935 - Knowledge - INFO - knowledge worker kw17 start
2025-08-11 05:21:21,988 - Knowledge - INFO - process ingested knowledge for /app/data/b2c/4316/b75467n/sample-4316/org.eclipse.example.calc.test/tst/org/eclipse/example/calc/internal/operations/MinusTest.java
2025-08-11 05:21:21,990 - Knowledge - INFO - process ingested knowledge for /app/data/b2c/4316/b75467n/sample-4316/org.eclipse.example.calc.test/pom.xml
2025-08-11 05:21:21,991 - Knowledge - INFO - worker kw18 created with dedicated MongoDB connection (total: 18)
2025-08-11 05:21:21,993 - Knowledge - INFO - knowledge worker kw18 start
2025-08-11 05:21:21,995 - Knowledge - INFO - process ingested knowledge for /app/data/b2c/4316/b75467n/sample-4316/org.eclipse.example.calc.test/tst/org/eclipse/example/calc/internal/operations/AbstractOperationTest.java
2025-08-11 05:21:21,997 - Knowledge - INFO - process ingested knowledge for /app/data/b2c/4316/b75467n/sample-4316/org.eclipse.example.calc.test/tst/org/eclipse/example/calc/internal/operations/EqualsTest.java
2025-08-11 05:21:21,998 - Knowledge - INFO - worker kw19 created with dedicated MongoDB connection (total: 19)
2025-08-11 05:21:21,999 - Knowledge - INFO - knowledge worker kw19 start
2025-08-11 05:21:22,001 - Knowledge - INFO - process ingested knowledge for /app/data/b2c/4316/b75467n/sample-4316/org.eclipse.example.calc/src/org/eclipse/example/calc/Operations.java
2025-08-11 05:21:22,002 - Knowledge - INFO - process ingested knowledge for /app/data/b2c/4316/b75467n/sample-4316/org.eclipse.example.calc/src/org/eclipse/example/calc/UnaryOperation.java
2025-08-11 05:21:22,003 - Knowledge - INFO - worker kw20 created with dedicated MongoDB connection (total: 20)
2025-08-11 05:21:22,003 - Knowledge - INFO - knowledge worker kw20 start
2025-08-11 05:21:22,010 - Knowledge - WARNING - High connection count: 21 connections active
2025-08-11 05:21:22,010 - Knowledge - INFO - worker kw21 created with dedicated MongoDB connection (total: 21)
2025-08-11 05:21:22,011 - Knowledge - INFO - knowledge worker kw21 start
2025-08-11 05:21:22,012 - Knowledge - INFO - process ingested knowledge for /app/data/b2c/4316/b75467n/sample-4316/org.eclipse.example.calc/src/org/eclipse/example/calc/Operation.java
2025-08-11 05:21:22,013 - Knowledge - INFO - process ingested knowledge for /app/data/b2c/4316/b75467n/sample-4316/org.eclipse.example.calc/src/org/eclipse/example/calc/BinaryOperation.java
2025-08-11 05:21:22,015 - Knowledge - WARNING - High connection count: 22 connections active
2025-08-11 05:21:22,015 - Knowledge - INFO - worker kw22 created with dedicated MongoDB connection (total: 22)
2025-08-11 05:21:22,015 - Knowledge - INFO - knowledge worker kw22 start
2025-08-11 05:21:22,018 - Knowledge - WARNING - High connection count: 23 connections active
2025-08-11 05:21:22,018 - Knowledge - INFO - worker kw23 created with dedicated MongoDB connection (total: 23)
2025-08-11 05:21:22,018 - Knowledge - INFO - knowledge worker kw23 start
2025-08-11 05:21:22,019 - Knowledge - WARNING - High connection count: 24 connections active
2025-08-11 05:21:22,019 - Knowledge - INFO - worker kw24 created with dedicated MongoDB connection (total: 24)
2025-08-11 05:21:22,020 - Knowledge - INFO - knowledge worker kw24 start
2025-08-11 05:21:22,048 - Knowledge - INFO - worker kw13 pull /app/data/b2c/4316/b75467n/sample-4316/org.eclipse.example.calc/src/org/eclipse/example/calc/internal/TextProvider.java from ingest queue
2025-08-11 05:21:22,051 - Knowledge - INFO - worker kw14 pull /app/data/b2c/4316/b75467n/sample-4316/org.eclipse.example.calc/src/org/eclipse/example/calc/internal/operations/Plus.java from ingest queue
2025-08-11 05:21:22,053 - Knowledge - INFO - worker kw16 pull /app/data/b2c/4316/b75467n/sample-4316/org.eclipse.example.calc/src/org/eclipse/example/calc/internal/operations/Minus.java from ingest queue
2025-08-11 05:21:22,054 - Knowledge - INFO - Found code-base-name: https://github.com/kavia-common/sample-4316.git:kavia-master
2025-08-11 05:21:22,054 - Knowledge - INFO - Found code_base: <app.utils.kg_build.knowledge.KnowledgeCodeBase object at 0x7f3e281e8150>
2025-08-11 05:21:22,054 - Knowledge - INFO - persist ingested knowledge for /app/data/b2c/4316/b75467n/sample-4316/org.eclipse.example.calc.test/tst/org/eclipse/example/calc/OperationsTest.java
2025-08-11 05:21:22,056 - Knowledge - INFO - worker kw15 pull /app/data/b2c/4316/b75467n/sample-4316/org.eclipse.example.calc/src/org/eclipse/example/calc/internal/operations/Square.java from ingest queue
2025-08-11 05:21:22,057 - Knowledge - INFO - worker kw17 pull /app/data/b2c/4316/b75467n/sample-4316/org.eclipse.example.calc/src/org/eclipse/example/calc/internal/operations/AbstractOperation.java from ingest queue
2025-08-11 05:21:22,058 - Knowledge - INFO - Found code-base-name: https://github.com/kavia-common/sample-4316.git:kavia-master
2025-08-11 05:21:22,060 - Knowledge - INFO - Found code_base: <app.utils.kg_build.knowledge.KnowledgeCodeBase object at 0x7f3e281e8150>
2025-08-11 05:21:22,060 - Knowledge - INFO - persist ingested knowledge for /app/data/b2c/4316/b75467n/sample-4316/org.eclipse.example.calc.test/tst/org/eclipse/example/calc/internal/operations/SquareTest.java
2025-08-11 05:21:22,061 - Knowledge - INFO - Found code-base-name: https://github.com/kavia-common/sample-4316.git:kavia-master
2025-08-11 05:21:22,061 - Knowledge - INFO - Found code_base: <app.utils.kg_build.knowledge.KnowledgeCodeBase object at 0x7f3e281e8150>
2025-08-11 05:21:22,061 - Knowledge - INFO - persist ingested knowledge for /app/data/b2c/4316/b75467n/sample-4316/org.eclipse.example.calc.test/tst/org/eclipse/example/calc/internal/CalculatorTest.java
2025-08-11 05:21:22,062 - Knowledge - INFO - worker kw18 pull /app/data/b2c/4316/b75467n/sample-4316/org.eclipse.example.calc/src/org/eclipse/example/calc/internal/operations/Divide.java from ingest queue
2025-08-11 05:21:22,062 - Knowledge - INFO - Found code-base-name: https://github.com/kavia-common/sample-4316.git:kavia-master
2025-08-11 05:21:22,062 - Knowledge - INFO - Found code_base: <app.utils.kg_build.knowledge.KnowledgeCodeBase object at 0x7f3e281e8150>
2025-08-11 05:21:22,062 - Knowledge - INFO - persist ingested knowledge for /app/data/b2c/4316/b75467n/sample-4316/org.eclipse.example.calc.test/pom.xml
2025-08-11 05:21:22,063 - Knowledge - INFO - worker kw20 pull /app/data/b2c/4316/b75467n/sample-4316/org.eclipse.example.calc/src/org/eclipse/example/calc/internal/operations/Equals.java from ingest queue
2025-08-11 05:21:22,064 - Knowledge - INFO - worker kw19 pull /app/data/b2c/4316/b75467n/sample-4316/org.eclipse.example.calc/src/org/eclipse/example/calc/internal/Calculator.java from ingest queue
2025-08-11 05:21:22,065 - Knowledge - INFO - Found code-base-name: https://github.com/kavia-common/sample-4316.git:kavia-master
2025-08-11 05:21:22,065 - Knowledge - INFO - Found code_base: <app.utils.kg_build.knowledge.KnowledgeCodeBase object at 0x7f3e281e8150>
2025-08-11 05:21:22,065 - Knowledge - INFO - persist ingested knowledge for /app/data/b2c/4316/b75467n/sample-4316/org.eclipse.example.calc.test/tst/org/eclipse/example/calc/internal/operations/MinusTest.java
2025-08-11 05:21:22,088 - Knowledge - INFO - Found code-base-name: https://github.com/kavia-common/sample-4316.git:kavia-master
2025-08-11 05:21:22,088 - Knowledge - INFO - Found code_base: <app.utils.kg_build.knowledge.KnowledgeCodeBase object at 0x7f3e281e8150>
2025-08-11 05:21:22,088 - Knowledge - INFO - persist ingested knowledge for /app/data/b2c/4316/b75467n/sample-4316/org.eclipse.example.calc.test/tst/org/eclipse/example/calc/internal/operations/EqualsTest.java
2025-08-11 05:21:22,107 - Knowledge - INFO - process ingested knowledge for /app/data/b2c/4316/b75467n/sample-4316/org.eclipse.example.calc/src/org/eclipse/example/calc/internal/operations/Plus.java
2025-08-11 05:21:22,149 - Knowledge - INFO - process ingested knowledge for /app/data/b2c/4316/b75467n/sample-4316/org.eclipse.example.calc/src/org/eclipse/example/calc/internal/operations/Divide.java
2025-08-11 05:21:22,164 - Knowledge - INFO - process ingested knowledge for /app/data/b2c/4316/b75467n/sample-4316/org.eclipse.example.calc/src/org/eclipse/example/calc/internal/operations/Square.java
2025-08-11 05:21:22,166 - Knowledge - INFO - process ingested knowledge for /app/data/b2c/4316/b75467n/sample-4316/org.eclipse.example.calc/src/org/eclipse/example/calc/internal/Calculator.java
2025-08-11 05:21:22,170 - Knowledge - INFO - process ingested knowledge for /app/data/b2c/4316/b75467n/sample-4316/org.eclipse.example.calc/src/org/eclipse/example/calc/internal/operations/Minus.java
2025-08-11 05:21:22,170 - Knowledge - INFO - process ingested knowledge for /app/data/b2c/4316/b75467n/sample-4316/org.eclipse.example.calc/src/org/eclipse/example/calc/internal/TextProvider.java
2025-08-11 05:21:22,191 - Knowledge - INFO - process ingested knowledge for /app/data/b2c/4316/b75467n/sample-4316/org.eclipse.example.calc/src/org/eclipse/example/calc/internal/operations/Equals.java
2025-08-11 05:21:22,193 - Knowledge - INFO - process ingested knowledge for /app/data/b2c/4316/b75467n/sample-4316/org.eclipse.example.calc/src/org/eclipse/example/calc/internal/operations/AbstractOperation.java
2025-08-11 05:21:22,225 - Knowledge - INFO - adding /app/data/b2c/4316/b75467n/sample-4316/org.eclipse.example.calc.test/tst/org/eclipse/example/calc/internal/operations/EqualsTest.java to ingest queue
2025-08-11 05:21:22,226 - Knowledge - INFO - worker kw21 pull /app/data/b2c/4316/b75467n/sample-4316/org.eclipse.example.calc/src/org/eclipse/example/calc/internal/ui/swing/CalculatorUI.java from ingest queue
2025-08-11 05:21:22,227 - Knowledge - INFO - Found code-base-name: https://github.com/kavia-common/sample-4316.git:kavia-master
2025-08-11 05:21:22,227 - Knowledge - INFO - Found code_base: <app.utils.kg_build.knowledge.KnowledgeCodeBase object at 0x7f3e281e8150>
2025-08-11 05:21:22,227 - Knowledge - INFO - persist ingested knowledge for /app/data/b2c/4316/b75467n/sample-4316/org.eclipse.example.calc.test/tst/org/eclipse/example/calc/internal/operations/AbstractOperationTest.java
2025-08-11 05:21:22,228 - Knowledge - INFO - worker kw22 pull /app/data/b2c/4316/b75467n/sample-4316/org.eclipse.example.calc/src/org/eclipse/example/calc/internal/ui/swt/CalculatorUI.java from ingest queue
2025-08-11 05:21:22,229 - Knowledge - INFO - Found code-base-name: https://github.com/kavia-common/sample-4316.git:kavia-master
2025-08-11 05:21:22,230 - Knowledge - INFO - Found code_base: <app.utils.kg_build.knowledge.KnowledgeCodeBase object at 0x7f3e281e8150>
2025-08-11 05:21:22,230 - Knowledge - INFO - persist ingested knowledge for /app/data/b2c/4316/b75467n/sample-4316/org.eclipse.example.calc/src/org/eclipse/example/calc/Operation.java
2025-08-11 05:21:22,270 - Knowledge - INFO - process ingested knowledge for /app/data/b2c/4316/b75467n/sample-4316/org.eclipse.example.calc/src/org/eclipse/example/calc/internal/ui/swt/CalculatorUI.java
2025-08-11 05:21:22,271 - Knowledge - INFO - process ingested knowledge for /app/data/b2c/4316/b75467n/sample-4316/org.eclipse.example.calc/src/org/eclipse/example/calc/internal/ui/swing/CalculatorUI.java
2025-08-11 05:21:22,306 - Knowledge - INFO - worker kw23 pull /app/data/b2c/4316/b75467n/sample-4316/org.eclipse.example.calc/pom.xml from ingest queue
2025-08-11 05:21:22,306 - Knowledge - INFO - worker kw24 pull /app/data/b2c/4316/b75467n/sample-4316/pom.xml from ingest queue
2025-08-11 05:21:22,357 - Knowledge - INFO - process ingested knowledge for /app/data/b2c/4316/b75467n/sample-4316/pom.xml
2025-08-11 05:21:22,361 - Knowledge - INFO - process ingested knowledge for /app/data/b2c/4316/b75467n/sample-4316/org.eclipse.example.calc/pom.xml
2025-08-11 05:21:22,386 - Knowledge - INFO - adding /app/data/b2c/4316/b75467n/sample-4316/org.eclipse.example.calc.test/tst/org/eclipse/example/calc/internal/operations/PlusTest.java to ingest queue
2025-08-11 05:21:22,613 - Knowledge - INFO - adding /app/data/b2c/4316/b75467n/sample-4316/org.eclipse.example.calc.test/tst/org/eclipse/example/calc/internal/operations/MinusTest.java to ingest queue
2025-08-11 05:21:22,613 - Knowledge - INFO - Found code-base-name: https://github.com/kavia-common/sample-4316.git:kavia-master
2025-08-11 05:21:22,614 - Knowledge - INFO - Found code_base: <app.utils.kg_build.knowledge.KnowledgeCodeBase object at 0x7f3e281e8150>
2025-08-11 05:21:22,614 - Knowledge - INFO - persist ingested knowledge for /app/data/b2c/4316/b75467n/sample-4316/org.eclipse.example.calc/src/org/eclipse/example/calc/UnaryOperation.java
2025-08-11 05:21:22,614 - Knowledge - INFO - Found code-base-name: https://github.com/kavia-common/sample-4316.git:kavia-master
2025-08-11 05:21:22,614 - Knowledge - INFO - Found code_base: <app.utils.kg_build.knowledge.KnowledgeCodeBase object at 0x7f3e281e8150>
2025-08-11 05:21:22,614 - Knowledge - INFO - persist ingested knowledge for /app/data/b2c/4316/b75467n/sample-4316/org.eclipse.example.calc/src/org/eclipse/example/calc/internal/operations/Plus.java
2025-08-11 05:21:22,614 - Knowledge - INFO - Found code-base-name: https://github.com/kavia-common/sample-4316.git:kavia-master
2025-08-11 05:21:22,614 - Knowledge - INFO - Found code_base: <app.utils.kg_build.knowledge.KnowledgeCodeBase object at 0x7f3e281e8150>
2025-08-11 05:21:22,614 - Knowledge - INFO - persist ingested knowledge for /app/data/b2c/4316/b75467n/sample-4316/org.eclipse.example.calc/src/org/eclipse/example/calc/internal/operations/Square.java
2025-08-11 05:21:22,673 - Knowledge - INFO - Found code-base-name: https://github.com/kavia-common/sample-4316.git:kavia-master
2025-08-11 05:21:22,673 - Knowledge - INFO - Found code_base: <app.utils.kg_build.knowledge.KnowledgeCodeBase object at 0x7f3e281e8150>
2025-08-11 05:21:22,673 - Knowledge - INFO - persist ingested knowledge for /app/data/b2c/4316/b75467n/sample-4316/org.eclipse.example.calc/src/org/eclipse/example/calc/internal/Calculator.java
2025-08-11 05:21:22,674 - Knowledge - INFO - Found code-base-name: https://github.com/kavia-common/sample-4316.git:kavia-master
2025-08-11 05:21:22,674 - Knowledge - INFO - Found code_base: <app.utils.kg_build.knowledge.KnowledgeCodeBase object at 0x7f3e281e8150>
2025-08-11 05:21:22,674 - Knowledge - INFO - persist ingested knowledge for /app/data/b2c/4316/b75467n/sample-4316/org.eclipse.example.calc/src/org/eclipse/example/calc/internal/TextProvider.java
2025-08-11 05:21:22,674 - Knowledge - INFO - Found code-base-name: https://github.com/kavia-common/sample-4316.git:kavia-master
2025-08-11 05:21:22,674 - Knowledge - INFO - Found code_base: <app.utils.kg_build.knowledge.KnowledgeCodeBase object at 0x7f3e281e8150>
2025-08-11 05:21:22,674 - Knowledge - INFO - persist ingested knowledge for /app/data/b2c/4316/b75467n/sample-4316/org.eclipse.example.calc/src/org/eclipse/example/calc/internal/operations/AbstractOperation.java
2025-08-11 05:21:22,675 - Knowledge - INFO - Found code-base-name: https://github.com/kavia-common/sample-4316.git:kavia-master
2025-08-11 05:21:22,675 - Knowledge - INFO - Found code_base: <app.utils.kg_build.knowledge.KnowledgeCodeBase object at 0x7f3e281e8150>
2025-08-11 05:21:22,675 - Knowledge - INFO - persist ingested knowledge for /app/data/b2c/4316/b75467n/sample-4316/org.eclipse.example.calc/src/org/eclipse/example/calc/internal/operations/Equals.java
2025-08-11 05:21:22,675 - Knowledge - INFO - Found code-base-name: https://github.com/kavia-common/sample-4316.git:kavia-master
2025-08-11 05:21:22,675 - Knowledge - INFO - Found code_base: <app.utils.kg_build.knowledge.KnowledgeCodeBase object at 0x7f3e281e8150>
2025-08-11 05:21:22,675 - Knowledge - INFO - persist ingested knowledge for /app/data/b2c/4316/b75467n/sample-4316/org.eclipse.example.calc/src/org/eclipse/example/calc/Operations.java
2025-08-11 05:21:22,730 - Knowledge - INFO - worker kw7 pull /app/data/b2c/4316/b75467n/sample-4316/org.eclipse.example.calc.test/tst/org/eclipse/example/calc/internal/operations/EqualsTest.java from ingest queue
2025-08-11 05:21:22,730 - Knowledge - INFO - Thread kw7 - File EqualsTest.java - Remaining files in queue: 2
2025-08-11 05:21:22,731 - Knowledge - INFO - start ingest for /app/data/b2c/4316/b75467n/sample-4316/org.eclipse.example.calc.test/tst/org/eclipse/example/calc/internal/operations/EqualsTest.java
2025-08-11 05:21:22,731 - Knowledge - INFO - Found code-base-name: https://github.com/kavia-common/sample-4316.git:kavia-master
2025-08-11 05:21:22,731 - Knowledge - INFO - Found code_base: <app.utils.kg_build.knowledge.KnowledgeCodeBase object at 0x7f3e281e8150>
2025-08-11 05:21:22,731 - Knowledge - INFO - persist ingested knowledge for /app/data/b2c/4316/b75467n/sample-4316/org.eclipse.example.calc/src/org/eclipse/example/calc/BinaryOperation.java
2025-08-11 05:21:22,731 - Knowledge - INFO - Found code-base-name: https://github.com/kavia-common/sample-4316.git:kavia-master
2025-08-11 05:21:22,731 - Knowledge - INFO - Found code_base: <app.utils.kg_build.knowledge.KnowledgeCodeBase object at 0x7f3e281e8150>
2025-08-11 05:21:22,732 - Knowledge - INFO - persist ingested knowledge for /app/data/b2c/4316/b75467n/sample-4316/org.eclipse.example.calc/src/org/eclipse/example/calc/internal/ui/swing/CalculatorUI.java
2025-08-11 05:21:22,732 - Knowledge - INFO - adding /app/data/b2c/4316/b75467n/sample-4316/org.eclipse.example.calc/src/org/eclipse/example/calc/Operation.java to ingest queue
2025-08-11 05:21:22,734 - Knowledge - INFO - Found code-base-name: https://github.com/kavia-common/sample-4316.git:kavia-master
2025-08-11 05:21:22,734 - Knowledge - INFO - Found code_base: <app.utils.kg_build.knowledge.KnowledgeCodeBase object at 0x7f3e281e8150>
2025-08-11 05:21:22,734 - Knowledge - INFO - persist ingested knowledge for /app/data/b2c/4316/b75467n/sample-4316/pom.xml
2025-08-11 05:21:22,735 - Knowledge - INFO - Found code-base-name: https://github.com/kavia-common/sample-4316.git:kavia-master
2025-08-11 05:21:22,735 - Knowledge - INFO - Found code_base: <app.utils.kg_build.knowledge.KnowledgeCodeBase object at 0x7f3e281e8150>
2025-08-11 05:21:22,735 - Knowledge - INFO - persist ingested knowledge for /app/data/b2c/4316/b75467n/sample-4316/org.eclipse.example.calc/pom.xml
2025-08-11 05:21:22,850 - Knowledge - INFO - adding /app/data/b2c/4316/b75467n/sample-4316/org.eclipse.example.calc.test/tst/org/eclipse/example/calc/OperationsTest.java to ingest queue
2025-08-11 05:21:22,850 - Knowledge - INFO - adding /app/data/b2c/4316/b75467n/sample-4316/org.eclipse.example.calc.test/tst/org/eclipse/example/calc/internal/operations/SquareTest.java to ingest queue
2025-08-11 05:21:22,851 - Knowledge - INFO - adding /app/data/b2c/4316/b75467n/sample-4316/org.eclipse.example.calc.test/tst/org/eclipse/example/calc/internal/CalculatorTest.java to ingest queue
2025-08-11 05:21:22,852 - Knowledge - INFO - adding /app/data/b2c/4316/b75467n/sample-4316/org.eclipse.example.calc.test/pom.xml to ingest queue
2025-08-11 05:21:22,920 - Knowledge - INFO - worker kw3 pull /app/data/b2c/4316/b75467n/sample-4316/org.eclipse.example.calc.test/tst/org/eclipse/example/calc/internal/operations/PlusTest.java from ingest queue
2025-08-11 05:21:22,921 - Knowledge - INFO - Thread kw3 - File PlusTest.java - Remaining files in queue: 6
2025-08-11 05:21:22,921 - Knowledge - INFO - start ingest for /app/data/b2c/4316/b75467n/sample-4316/org.eclipse.example.calc.test/tst/org/eclipse/example/calc/internal/operations/PlusTest.java
2025-08-11 05:21:22,921 - Knowledge - INFO - Found code-base-name: https://github.com/kavia-common/sample-4316.git:kavia-master
2025-08-11 05:21:22,921 - Knowledge - INFO - Found code_base: <app.utils.kg_build.knowledge.KnowledgeCodeBase object at 0x7f3e281e8150>
2025-08-11 05:21:22,921 - Knowledge - INFO - persist ingested knowledge for /app/data/b2c/4316/b75467n/sample-4316/org.eclipse.example.calc/src/org/eclipse/example/calc/internal/operations/Divide.java
2025-08-11 05:21:22,922 - Knowledge - INFO - Found code-base-name: https://github.com/kavia-common/sample-4316.git:kavia-master
2025-08-11 05:21:22,922 - Knowledge - INFO - Found code_base: <app.utils.kg_build.knowledge.KnowledgeCodeBase object at 0x7f3e281e8150>
2025-08-11 05:21:22,922 - Knowledge - INFO - persist ingested knowledge for /app/data/b2c/4316/b75467n/sample-4316/org.eclipse.example.calc/src/org/eclipse/example/calc/internal/operations/Minus.java
2025-08-11 05:21:23,248 - Knowledge - INFO - adding /app/data/b2c/4316/b75467n/sample-4316/org.eclipse.example.calc/src/org/eclipse/example/calc/internal/operations/Square.java to ingest queue
2025-08-11 05:21:23,440 - Knowledge - INFO - adding /app/data/b2c/4316/b75467n/sample-4316/org.eclipse.example.calc/src/org/eclipse/example/calc/internal/operations/Equals.java to ingest queue
2025-08-11 05:21:23,441 - Knowledge - INFO - Found code-base-name: https://github.com/kavia-common/sample-4316.git:kavia-master
2025-08-11 05:21:23,441 - Knowledge - INFO - Found code_base: <app.utils.kg_build.knowledge.KnowledgeCodeBase object at 0x7f3e281e8150>
2025-08-11 05:21:23,441 - Knowledge - INFO - persist ingested knowledge for /app/data/b2c/4316/b75467n/sample-4316/org.eclipse.example.calc/src/org/eclipse/example/calc/internal/ui/swt/CalculatorUI.java
2025-08-11 05:21:23,441 - Knowledge - INFO - adding /app/data/b2c/4316/b75467n/sample-4316/org.eclipse.example.calc.test/tst/org/eclipse/example/calc/internal/operations/AbstractOperationTest.java to ingest queue
2025-08-11 05:21:23,641 - Knowledge - INFO - worker kw12 pull /app/data/b2c/4316/b75467n/sample-4316/org.eclipse.example.calc.test/tst/org/eclipse/example/calc/internal/operations/MinusTest.java from ingest queue
2025-08-11 05:21:23,641 - Knowledge - INFO - Thread kw12 - File MinusTest.java - Remaining files in queue: 8
2025-08-11 05:21:23,642 - Knowledge - INFO - start ingest for /app/data/b2c/4316/b75467n/sample-4316/org.eclipse.example.calc.test/tst/org/eclipse/example/calc/internal/operations/MinusTest.java
2025-08-11 05:21:23,642 - Knowledge - INFO - worker kw1 pull /app/data/b2c/4316/b75467n/sample-4316/org.eclipse.example.calc/src/org/eclipse/example/calc/Operation.java from ingest queue
2025-08-11 05:21:23,642 - Knowledge - INFO - Thread kw1 - File Operation.java - Remaining files in queue: 7
2025-08-11 05:21:23,642 - Knowledge - INFO - start ingest for /app/data/b2c/4316/b75467n/sample-4316/org.eclipse.example.calc/src/org/eclipse/example/calc/Operation.java
2025-08-11 05:21:23,643 - Knowledge - INFO - worker kw6 pull /app/data/b2c/4316/b75467n/sample-4316/org.eclipse.example.calc.test/tst/org/eclipse/example/calc/OperationsTest.java from ingest queue
2025-08-11 05:21:23,643 - Knowledge - INFO - Thread kw6 - File OperationsTest.java - Remaining files in queue: 6
2025-08-11 05:21:23,643 - Knowledge - INFO - start ingest for /app/data/b2c/4316/b75467n/sample-4316/org.eclipse.example.calc.test/tst/org/eclipse/example/calc/OperationsTest.java
2025-08-11 05:21:23,643 - Knowledge - INFO - worker kw8 pull /app/data/b2c/4316/b75467n/sample-4316/org.eclipse.example.calc.test/tst/org/eclipse/example/calc/internal/operations/SquareTest.java from ingest queue
2025-08-11 05:21:23,644 - Knowledge - INFO - Thread kw8 - File SquareTest.java - Remaining files in queue: 5
2025-08-11 05:21:23,644 - Knowledge - INFO - start ingest for /app/data/b2c/4316/b75467n/sample-4316/org.eclipse.example.calc.test/tst/org/eclipse/example/calc/internal/operations/SquareTest.java
2025-08-11 05:21:23,869 - Knowledge - INFO - adding /app/data/b2c/4316/b75467n/sample-4316/org.eclipse.example.calc/src/org/eclipse/example/calc/UnaryOperation.java to ingest queue
2025-08-11 05:21:23,869 - Knowledge - INFO - adding /app/data/b2c/4316/b75467n/sample-4316/org.eclipse.example.calc/src/org/eclipse/example/calc/internal/Calculator.java to ingest queue
2025-08-11 05:21:23,870 - Knowledge - INFO - worker kw15 pull /app/data/b2c/4316/b75467n/sample-4316/org.eclipse.example.calc.test/tst/org/eclipse/example/calc/internal/CalculatorTest.java from ingest queue
2025-08-11 05:21:23,870 - Knowledge - INFO - Thread kw15 - File CalculatorTest.java - Remaining files in queue: 6
2025-08-11 05:21:23,870 - Knowledge - INFO - start ingest for /app/data/b2c/4316/b75467n/sample-4316/org.eclipse.example.calc.test/tst/org/eclipse/example/calc/internal/CalculatorTest.java
2025-08-11 05:21:23,870 - Knowledge - INFO - adding /app/data/b2c/4316/b75467n/sample-4316/org.eclipse.example.calc/src/org/eclipse/example/calc/internal/operations/AbstractOperation.java to ingest queue
2025-08-11 05:21:24,166 - Knowledge - INFO - worker kw20 pull /app/data/b2c/4316/b75467n/sample-4316/org.eclipse.example.calc.test/pom.xml from ingest queue
2025-08-11 05:21:24,166 - Knowledge - INFO - Thread kw20 - File pom.xml - Remaining files in queue: 6
2025-08-11 05:21:24,166 - Knowledge - INFO - start ingest for /app/data/b2c/4316/b75467n/sample-4316/org.eclipse.example.calc.test/pom.xml
2025-08-11 05:21:24,193 - Knowledge - INFO - worker kw4 pull /app/data/b2c/4316/b75467n/sample-4316/org.eclipse.example.calc/src/org/eclipse/example/calc/internal/operations/Square.java from ingest queue
2025-08-11 05:21:24,193 - Knowledge - INFO - Thread kw4 - File Square.java - Remaining files in queue: 5
2025-08-11 05:21:24,193 - Knowledge - INFO - start ingest for /app/data/b2c/4316/b75467n/sample-4316/org.eclipse.example.calc/src/org/eclipse/example/calc/internal/operations/Square.java
2025-08-11 05:21:24,194 - Knowledge - INFO - adding /app/data/b2c/4316/b75467n/sample-4316/org.eclipse.example.calc/src/org/eclipse/example/calc/internal/ui/swing/CalculatorUI.java to ingest queue
2025-08-11 05:21:24,197 - Knowledge - INFO - adding /app/data/b2c/4316/b75467n/sample-4316/org.eclipse.example.calc/pom.xml to ingest queue
2025-08-11 05:21:24,200 - Knowledge - INFO - Fast-track processing for simple file: /app/data/b2c/4316/b75467n/sample-4316/org.eclipse.example.calc.test/pom.xml
2025-08-11 05:21:24,201 - Knowledge - INFO - done fast ingest for /app/data/b2c/4316/b75467n/sample-4316/org.eclipse.example.calc.test/pom.xml
2025-08-11 05:21:24,201 - Knowledge - INFO - process ingested knowledge for /app/data/b2c/4316/b75467n/sample-4316/org.eclipse.example.calc.test/pom.xml
2025-08-11 05:21:24,202 - Knowledge - INFO - worker kw2 pull /app/data/b2c/4316/b75467n/sample-4316/org.eclipse.example.calc/src/org/eclipse/example/calc/internal/operations/Equals.java from ingest queue
2025-08-11 05:21:24,202 - Knowledge - INFO - Thread kw2 - File Equals.java - Remaining files in queue: 6
2025-08-11 05:21:24,202 - Knowledge - INFO - start ingest for /app/data/b2c/4316/b75467n/sample-4316/org.eclipse.example.calc/src/org/eclipse/example/calc/internal/operations/Equals.java
2025-08-11 05:21:24,393 - Knowledge - INFO - adding /app/data/b2c/4316/b75467n/sample-4316/org.eclipse.example.calc/src/org/eclipse/example/calc/internal/operations/Divide.java to ingest queue
2025-08-11 05:21:24,396 - Knowledge - INFO - adding /app/data/b2c/4316/b75467n/sample-4316/org.eclipse.example.calc/src/org/eclipse/example/calc/internal/operations/Plus.java to ingest queue
2025-08-11 05:21:24,420 - Knowledge - INFO - worker kw9 pull /app/data/b2c/4316/b75467n/sample-4316/org.eclipse.example.calc.test/tst/org/eclipse/example/calc/internal/operations/AbstractOperationTest.java from ingest queue
2025-08-11 05:21:24,420 - Knowledge - INFO - Thread kw9 - File AbstractOperationTest.java - Remaining files in queue: 7
2025-08-11 05:21:24,420 - Knowledge - INFO - start ingest for /app/data/b2c/4316/b75467n/sample-4316/org.eclipse.example.calc.test/tst/org/eclipse/example/calc/internal/operations/AbstractOperationTest.java
2025-08-11 05:21:24,425 - Knowledge - INFO - adding /app/data/b2c/4316/b75467n/sample-4316/org.eclipse.example.calc/src/org/eclipse/example/calc/internal/TextProvider.java to ingest queue
2025-08-11 05:21:24,430 - Knowledge - INFO - worker kw17 pull /app/data/b2c/4316/b75467n/sample-4316/org.eclipse.example.calc/src/org/eclipse/example/calc/UnaryOperation.java from ingest queue
2025-08-11 05:21:24,431 - Knowledge - INFO - Thread kw17 - File UnaryOperation.java - Remaining files in queue: 7
2025-08-11 05:21:24,433 - Knowledge - INFO - adding /app/data/b2c/4316/b75467n/sample-4316/org.eclipse.example.calc/src/org/eclipse/example/calc/Operations.java to ingest queue
2025-08-11 05:21:24,433 - Knowledge - INFO - start ingest for /app/data/b2c/4316/b75467n/sample-4316/org.eclipse.example.calc/src/org/eclipse/example/calc/UnaryOperation.java
2025-08-11 05:21:24,447 - Knowledge - INFO - adding /app/data/b2c/4316/b75467n/sample-4316/org.eclipse.example.calc/src/org/eclipse/example/calc/BinaryOperation.java to ingest queue
2025-08-11 05:21:24,455 - Knowledge - INFO - adding /app/data/b2c/4316/b75467n/sample-4316/pom.xml to ingest queue
2025-08-11 05:21:24,457 - Knowledge - INFO - worker kw21 pull /app/data/b2c/4316/b75467n/sample-4316/org.eclipse.example.calc/src/org/eclipse/example/calc/internal/Calculator.java from ingest queue
2025-08-11 05:21:24,457 - Knowledge - INFO - Thread kw21 - File Calculator.java - Remaining files in queue: 9
2025-08-11 05:21:24,457 - Knowledge - INFO - start ingest for /app/data/b2c/4316/b75467n/sample-4316/org.eclipse.example.calc/src/org/eclipse/example/calc/internal/Calculator.java
2025-08-11 05:21:24,459 - Knowledge - INFO - Found code-base-name: https://github.com/kavia-common/sample-4316.git:kavia-master
2025-08-11 05:21:24,459 - Knowledge - INFO - Found code_base: <app.utils.kg_build.knowledge.KnowledgeCodeBase object at 0x7f3e281e8150>
2025-08-11 05:21:24,459 - Knowledge - INFO - persist ingested knowledge for /app/data/b2c/4316/b75467n/sample-4316/org.eclipse.example.calc.test/pom.xml
2025-08-11 05:21:24,470 - Knowledge - INFO - worker kw5 pull /app/data/b2c/4316/b75467n/sample-4316/org.eclipse.example.calc/src/org/eclipse/example/calc/internal/operations/AbstractOperation.java from ingest queue
2025-08-11 05:21:24,471 - Knowledge - INFO - Thread kw5 - File AbstractOperation.java - Remaining files in queue: 8
2025-08-11 05:21:24,471 - Knowledge - INFO - start ingest for /app/data/b2c/4316/b75467n/sample-4316/org.eclipse.example.calc/src/org/eclipse/example/calc/internal/operations/AbstractOperation.java
2025-08-11 05:21:24,473 - Knowledge - INFO - adding /app/data/b2c/4316/b75467n/sample-4316/org.eclipse.example.calc/src/org/eclipse/example/calc/internal/operations/Minus.java to ingest queue
2025-08-11 05:21:24,493 - Knowledge - INFO - worker kw14 pull /app/data/b2c/4316/b75467n/sample-4316/org.eclipse.example.calc/src/org/eclipse/example/calc/internal/ui/swing/CalculatorUI.java from ingest queue
2025-08-11 05:21:24,494 - Knowledge - INFO - Thread kw14 - File CalculatorUI.java - Remaining files in queue: 8
2025-08-11 05:21:24,494 - Knowledge - INFO - start ingest for /app/data/b2c/4316/b75467n/sample-4316/org.eclipse.example.calc/src/org/eclipse/example/calc/internal/ui/swing/CalculatorUI.java
2025-08-11 05:21:24,496 - Knowledge - INFO - worker kw13 pull /app/data/b2c/4316/b75467n/sample-4316/org.eclipse.example.calc/pom.xml from ingest queue
2025-08-11 05:21:24,496 - Knowledge - INFO - Thread kw13 - File pom.xml - Remaining files in queue: 7
2025-08-11 05:21:24,496 - Knowledge - INFO - start ingest for /app/data/b2c/4316/b75467n/sample-4316/org.eclipse.example.calc/pom.xml
2025-08-11 05:21:24,510 - Knowledge - INFO - adding /app/data/b2c/4316/b75467n/sample-4316/org.eclipse.example.calc/src/org/eclipse/example/calc/internal/ui/swt/CalculatorUI.java to ingest queue
2025-08-11 05:21:24,536 - Knowledge - INFO - Fast-track processing for simple file: /app/data/b2c/4316/b75467n/sample-4316/org.eclipse.example.calc/pom.xml
2025-08-11 05:21:24,536 - Knowledge - INFO - done fast ingest for /app/data/b2c/4316/b75467n/sample-4316/org.eclipse.example.calc/pom.xml
2025-08-11 05:21:24,537 - Knowledge - INFO - process ingested knowledge for /app/data/b2c/4316/b75467n/sample-4316/org.eclipse.example.calc/pom.xml
2025-08-11 05:21:24,541 - Knowledge - INFO - worker kw11 pull /app/data/b2c/4316/b75467n/sample-4316/org.eclipse.example.calc/src/org/eclipse/example/calc/internal/operations/Divide.java from ingest queue
2025-08-11 05:21:24,541 - Knowledge - INFO - Thread kw11 - File Divide.java - Remaining files in queue: 7
2025-08-11 05:21:24,542 - Knowledge - INFO - start ingest for /app/data/b2c/4316/b75467n/sample-4316/org.eclipse.example.calc/src/org/eclipse/example/calc/internal/operations/Divide.java
2025-08-11 05:21:24,600 - Knowledge - INFO - Fast-track processing for simple file: /app/data/b2c/4316/b75467n/sample-4316/org.eclipse.example.calc/src/org/eclipse/example/calc/internal/operations/Divide.java
2025-08-11 05:21:24,601 - Knowledge - INFO - done fast ingest for /app/data/b2c/4316/b75467n/sample-4316/org.eclipse.example.calc/src/org/eclipse/example/calc/internal/operations/Divide.java
2025-08-11 05:21:24,601 - Knowledge - INFO - process ingested knowledge for /app/data/b2c/4316/b75467n/sample-4316/org.eclipse.example.calc/src/org/eclipse/example/calc/internal/operations/Divide.java
2025-08-11 05:21:24,905 - Knowledge - INFO - worker kw20 pull /app/data/b2c/4316/b75467n/sample-4316/org.eclipse.example.calc/src/org/eclipse/example/calc/internal/operations/Plus.java from ingest queue
2025-08-11 05:21:24,905 - Knowledge - INFO - Thread kw20 - File Plus.java - Remaining files in queue: 6
2025-08-11 05:21:24,906 - Knowledge - INFO - start ingest for /app/data/b2c/4316/b75467n/sample-4316/org.eclipse.example.calc/src/org/eclipse/example/calc/internal/operations/Plus.java
2025-08-11 05:21:24,918 - Knowledge - INFO - worker kw16 pull /app/data/b2c/4316/b75467n/sample-4316/org.eclipse.example.calc/src/org/eclipse/example/calc/internal/TextProvider.java from ingest queue
2025-08-11 05:21:24,918 - Knowledge - INFO - Thread kw16 - File TextProvider.java - Remaining files in queue: 5
2025-08-11 05:21:24,921 - Knowledge - INFO - worker kw10 pull /app/data/b2c/4316/b75467n/sample-4316/org.eclipse.example.calc/src/org/eclipse/example/calc/Operations.java from ingest queue
2025-08-11 05:21:24,921 - Knowledge - INFO - Thread kw10 - File Operations.java - Remaining files in queue: 4
2025-08-11 05:21:24,921 - Knowledge - INFO - start ingest for /app/data/b2c/4316/b75467n/sample-4316/org.eclipse.example.calc/src/org/eclipse/example/calc/Operations.java
2025-08-11 05:21:24,926 - Knowledge - INFO - start ingest for /app/data/b2c/4316/b75467n/sample-4316/org.eclipse.example.calc/src/org/eclipse/example/calc/internal/TextProvider.java
2025-08-11 05:21:24,930 - Knowledge - INFO - Found code-base-name: https://github.com/kavia-common/sample-4316.git:kavia-master
2025-08-11 05:21:24,930 - Knowledge - INFO - Found code_base: <app.utils.kg_build.knowledge.KnowledgeCodeBase object at 0x7f3e281e8150>
2025-08-11 05:21:24,930 - Knowledge - INFO - persist ingested knowledge for /app/data/b2c/4316/b75467n/sample-4316/org.eclipse.example.calc/pom.xml
2025-08-11 05:21:24,932 - Knowledge - INFO - worker kw23 pull /app/data/b2c/4316/b75467n/sample-4316/org.eclipse.example.calc/src/org/eclipse/example/calc/BinaryOperation.java from ingest queue
2025-08-11 05:21:24,932 - Knowledge - INFO - Thread kw23 - File BinaryOperation.java - Remaining files in queue: 3
2025-08-11 05:21:24,932 - Knowledge - INFO - start ingest for /app/data/b2c/4316/b75467n/sample-4316/org.eclipse.example.calc/src/org/eclipse/example/calc/BinaryOperation.java
2025-08-11 05:21:24,936 - Knowledge - INFO - Found code-base-name: https://github.com/kavia-common/sample-4316.git:kavia-master
2025-08-11 05:21:24,936 - Knowledge - INFO - Found code_base: <app.utils.kg_build.knowledge.KnowledgeCodeBase object at 0x7f3e281e8150>
2025-08-11 05:21:24,936 - Knowledge - INFO - persist ingested knowledge for /app/data/b2c/4316/b75467n/sample-4316/org.eclipse.example.calc/src/org/eclipse/example/calc/internal/operations/Divide.java
2025-08-11 05:21:24,958 - Knowledge - INFO - worker kw24 pull /app/data/b2c/4316/b75467n/sample-4316/pom.xml from ingest queue
2025-08-11 05:21:24,958 - Knowledge - INFO - Thread kw24 - File pom.xml - Remaining files in queue: 2
2025-08-11 05:21:24,958 - Knowledge - INFO - start ingest for /app/data/b2c/4316/b75467n/sample-4316/pom.xml
2025-08-11 05:21:24,968 - Knowledge - INFO - worker kw22 pull /app/data/b2c/4316/b75467n/sample-4316/org.eclipse.example.calc/src/org/eclipse/example/calc/internal/operations/Minus.java from ingest queue
2025-08-11 05:21:24,968 - Knowledge - INFO - Thread kw22 - File Minus.java - Remaining files in queue: 1
2025-08-11 05:21:24,968 - Knowledge - INFO - start ingest for /app/data/b2c/4316/b75467n/sample-4316/org.eclipse.example.calc/src/org/eclipse/example/calc/internal/operations/Minus.java
2025-08-11 05:21:24,988 - Knowledge - INFO - Fast-track processing for simple file: /app/data/b2c/4316/b75467n/sample-4316/pom.xml
2025-08-11 05:21:24,989 - Knowledge - INFO - done fast ingest for /app/data/b2c/4316/b75467n/sample-4316/pom.xml
2025-08-11 05:21:24,989 - Knowledge - INFO - process ingested knowledge for /app/data/b2c/4316/b75467n/sample-4316/pom.xml
2025-08-11 05:21:24,991 - Knowledge - INFO - worker kw18 pull /app/data/b2c/4316/b75467n/sample-4316/org.eclipse.example.calc/src/org/eclipse/example/calc/internal/ui/swt/CalculatorUI.java from ingest queue
2025-08-11 05:21:24,991 - Knowledge - INFO - Thread kw18 - File CalculatorUI.java - Remaining files in queue: 0
2025-08-11 05:21:24,991 - Knowledge - INFO - start ingest for /app/data/b2c/4316/b75467n/sample-4316/org.eclipse.example.calc/src/org/eclipse/example/calc/internal/ui/swt/CalculatorUI.java
2025-08-11 05:21:25,404 - Knowledge - INFO - Found code-base-name: https://github.com/kavia-common/sample-4316.git:kavia-master
2025-08-11 05:21:25,404 - Knowledge - INFO - Found code_base: <app.utils.kg_build.knowledge.KnowledgeCodeBase object at 0x7f3e281e8150>
2025-08-11 05:21:25,404 - Knowledge - INFO - persist ingested knowledge for /app/data/b2c/4316/b75467n/sample-4316/pom.xml
2025-08-11 05:21:41,634 - Knowledge - INFO - done ingest for /app/data/b2c/4316/b75467n/sample-4316/org.eclipse.example.calc/src/org/eclipse/example/calc/Operation.java
2025-08-11 05:21:41,634 - Knowledge - INFO - process ingested knowledge for /app/data/b2c/4316/b75467n/sample-4316/org.eclipse.example.calc/src/org/eclipse/example/calc/Operation.java
2025-08-11 05:21:41,646 - Knowledge - INFO - Found code-base-name: https://github.com/kavia-common/sample-4316.git:kavia-master
2025-08-11 05:21:41,647 - Knowledge - INFO - Found code_base: <app.utils.kg_build.knowledge.KnowledgeCodeBase object at 0x7f3e281e8150>
2025-08-11 05:21:41,647 - Knowledge - INFO - persist ingested knowledge for /app/data/b2c/4316/b75467n/sample-4316/org.eclipse.example.calc/src/org/eclipse/example/calc/Operation.java
2025-08-11 05:21:42,757 - Knowledge - INFO - persist search terms embedding for org.eclipse.example.calc/src/org/eclipse/example/calc/Operation.java
2025-08-11 05:21:44,266 - Knowledge - INFO - done ingest for /app/data/b2c/4316/b75467n/sample-4316/org.eclipse.example.calc/src/org/eclipse/example/calc/BinaryOperation.java
2025-08-11 05:21:44,267 - Knowledge - INFO - process ingested knowledge for /app/data/b2c/4316/b75467n/sample-4316/org.eclipse.example.calc/src/org/eclipse/example/calc/BinaryOperation.java
2025-08-11 05:21:44,355 - Knowledge - INFO - Found code-base-name: https://github.com/kavia-common/sample-4316.git:kavia-master
2025-08-11 05:21:44,355 - Knowledge - INFO - Found code_base: <app.utils.kg_build.knowledge.KnowledgeCodeBase object at 0x7f3e281e8150>
2025-08-11 05:21:44,355 - Knowledge - INFO - persist ingested knowledge for /app/data/b2c/4316/b75467n/sample-4316/org.eclipse.example.calc/src/org/eclipse/example/calc/BinaryOperation.java
2025-08-11 05:21:45,169 - Knowledge - INFO - persist search terms embedding for org.eclipse.example.calc/src/org/eclipse/example/calc/BinaryOperation.java
2025-08-11 05:21:47,039 - Knowledge - INFO - done ingest for /app/data/b2c/4316/b75467n/sample-4316/org.eclipse.example.calc.test/tst/org/eclipse/example/calc/internal/operations/AbstractOperationTest.java
2025-08-11 05:21:47,040 - Knowledge - INFO - process ingested knowledge for /app/data/b2c/4316/b75467n/sample-4316/org.eclipse.example.calc.test/tst/org/eclipse/example/calc/internal/operations/AbstractOperationTest.java
2025-08-11 05:21:47,126 - Knowledge - INFO - Found code-base-name: https://github.com/kavia-common/sample-4316.git:kavia-master
2025-08-11 05:21:47,127 - Knowledge - INFO - Found code_base: <app.utils.kg_build.knowledge.KnowledgeCodeBase object at 0x7f3e281e8150>
2025-08-11 05:21:47,127 - Knowledge - INFO - persist ingested knowledge for /app/data/b2c/4316/b75467n/sample-4316/org.eclipse.example.calc.test/tst/org/eclipse/example/calc/internal/operations/AbstractOperationTest.java
2025-08-11 05:21:47,658 - Knowledge - INFO - done ingest for /app/data/b2c/4316/b75467n/sample-4316/org.eclipse.example.calc.test/tst/org/eclipse/example/calc/internal/operations/EqualsTest.java
2025-08-11 05:21:47,659 - Knowledge - INFO - process ingested knowledge for /app/data/b2c/4316/b75467n/sample-4316/org.eclipse.example.calc.test/tst/org/eclipse/example/calc/internal/operations/EqualsTest.java
2025-08-11 05:21:47,947 - Knowledge - INFO - persist search terms embedding for org.eclipse.example.calc.test/tst/org/eclipse/example/calc/internal/operations/AbstractOperationTest.java
2025-08-11 05:21:48,019 - Knowledge - INFO - Found code-base-name: https://github.com/kavia-common/sample-4316.git:kavia-master
2025-08-11 05:21:48,019 - Knowledge - INFO - Found code_base: <app.utils.kg_build.knowledge.KnowledgeCodeBase object at 0x7f3e281e8150>
2025-08-11 05:21:48,019 - Knowledge - INFO - persist ingested knowledge for /app/data/b2c/4316/b75467n/sample-4316/org.eclipse.example.calc.test/tst/org/eclipse/example/calc/internal/operations/EqualsTest.java
2025-08-11 05:21:48,102 - Knowledge - INFO - done ingest for /app/data/b2c/4316/b75467n/sample-4316/org.eclipse.example.calc/src/org/eclipse/example/calc/UnaryOperation.java
2025-08-11 05:21:48,102 - Knowledge - INFO - process ingested knowledge for /app/data/b2c/4316/b75467n/sample-4316/org.eclipse.example.calc/src/org/eclipse/example/calc/UnaryOperation.java
2025-08-11 05:21:48,561 - Knowledge - INFO - done ingest for /app/data/b2c/4316/b75467n/sample-4316/org.eclipse.example.calc/src/org/eclipse/example/calc/internal/operations/Equals.java
2025-08-11 05:21:48,561 - Knowledge - INFO - process ingested knowledge for /app/data/b2c/4316/b75467n/sample-4316/org.eclipse.example.calc/src/org/eclipse/example/calc/internal/operations/Equals.java
2025-08-11 05:21:48,813 - Knowledge - INFO - persist search terms embedding for org.eclipse.example.calc.test/tst/org/eclipse/example/calc/internal/operations/EqualsTest.java
2025-08-11 05:21:48,872 - Knowledge - INFO - Found code-base-name: https://github.com/kavia-common/sample-4316.git:kavia-master
2025-08-11 05:21:48,872 - Knowledge - INFO - Found code_base: <app.utils.kg_build.knowledge.KnowledgeCodeBase object at 0x7f3e281e8150>
2025-08-11 05:21:48,872 - Knowledge - INFO - persist ingested knowledge for /app/data/b2c/4316/b75467n/sample-4316/org.eclipse.example.calc/src/org/eclipse/example/calc/internal/operations/Equals.java
2025-08-11 05:21:48,900 - Knowledge - INFO - done ingest for /app/data/b2c/4316/b75467n/sample-4316/org.eclipse.example.calc/src/org/eclipse/example/calc/internal/operations/AbstractOperation.java
2025-08-11 05:21:48,901 - Knowledge - INFO - process ingested knowledge for /app/data/b2c/4316/b75467n/sample-4316/org.eclipse.example.calc/src/org/eclipse/example/calc/internal/operations/AbstractOperation.java
2025-08-11 05:21:49,646 - Knowledge - INFO - persist search terms embedding for org.eclipse.example.calc/src/org/eclipse/example/calc/internal/operations/Equals.java
2025-08-11 05:21:49,701 - Knowledge - INFO - Found code-base-name: https://github.com/kavia-common/sample-4316.git:kavia-master
2025-08-11 05:21:49,701 - Knowledge - INFO - Found code_base: <app.utils.kg_build.knowledge.KnowledgeCodeBase object at 0x7f3e281e8150>
2025-08-11 05:21:49,701 - Knowledge - INFO - persist ingested knowledge for /app/data/b2c/4316/b75467n/sample-4316/org.eclipse.example.calc/src/org/eclipse/example/calc/UnaryOperation.java
2025-08-11 05:21:49,708 - Knowledge - INFO - Found code-base-name: https://github.com/kavia-common/sample-4316.git:kavia-master
2025-08-11 05:21:49,708 - Knowledge - INFO - Found code_base: <app.utils.kg_build.knowledge.KnowledgeCodeBase object at 0x7f3e281e8150>
2025-08-11 05:21:49,708 - Knowledge - INFO - persist ingested knowledge for /app/data/b2c/4316/b75467n/sample-4316/org.eclipse.example.calc/src/org/eclipse/example/calc/internal/operations/AbstractOperation.java
2025-08-11 05:21:50,145 - Knowledge - INFO - done ingest for /app/data/b2c/4316/b75467n/sample-4316/org.eclipse.example.calc/src/org/eclipse/example/calc/internal/operations/Plus.java
2025-08-11 05:21:50,178 - Knowledge - INFO - process ingested knowledge for /app/data/b2c/4316/b75467n/sample-4316/org.eclipse.example.calc/src/org/eclipse/example/calc/internal/operations/Plus.java
2025-08-11 05:21:50,689 - Knowledge - INFO - persist search terms embedding for org.eclipse.example.calc/src/org/eclipse/example/calc/UnaryOperation.java
2025-08-11 05:21:51,326 - Knowledge - INFO - persist search terms embedding for org.eclipse.example.calc/src/org/eclipse/example/calc/internal/operations/AbstractOperation.java
2025-08-11 05:21:51,350 - Knowledge - INFO - Found code-base-name: https://github.com/kavia-common/sample-4316.git:kavia-master
2025-08-11 05:21:51,350 - Knowledge - INFO - Found code_base: <app.utils.kg_build.knowledge.KnowledgeCodeBase object at 0x7f3e281e8150>
2025-08-11 05:21:51,351 - Knowledge - INFO - persist ingested knowledge for /app/data/b2c/4316/b75467n/sample-4316/org.eclipse.example.calc/src/org/eclipse/example/calc/internal/operations/Plus.java
2025-08-11 05:21:52,144 - Knowledge - INFO - persist search terms embedding for org.eclipse.example.calc/src/org/eclipse/example/calc/internal/operations/Plus.java
2025-08-11 05:21:52,694 - Knowledge - INFO - done ingest for /app/data/b2c/4316/b75467n/sample-4316/org.eclipse.example.calc.test/tst/org/eclipse/example/calc/internal/operations/MinusTest.java
2025-08-11 05:21:52,695 - Knowledge - INFO - process ingested knowledge for /app/data/b2c/4316/b75467n/sample-4316/org.eclipse.example.calc.test/tst/org/eclipse/example/calc/internal/operations/MinusTest.java
2025-08-11 05:21:52,756 - Knowledge - INFO - Found code-base-name: https://github.com/kavia-common/sample-4316.git:kavia-master
2025-08-11 05:21:52,757 - Knowledge - INFO - Found code_base: <app.utils.kg_build.knowledge.KnowledgeCodeBase object at 0x7f3e281e8150>
2025-08-11 05:21:52,757 - Knowledge - INFO - persist ingested knowledge for /app/data/b2c/4316/b75467n/sample-4316/org.eclipse.example.calc.test/tst/org/eclipse/example/calc/internal/operations/MinusTest.java
2025-08-11 05:21:53,489 - Knowledge - INFO - persist search terms embedding for org.eclipse.example.calc.test/tst/org/eclipse/example/calc/internal/operations/MinusTest.java
2025-08-11 05:21:53,850 - Knowledge - INFO - done ingest for /app/data/b2c/4316/b75467n/sample-4316/org.eclipse.example.calc/src/org/eclipse/example/calc/internal/operations/Square.java
2025-08-11 05:21:53,850 - Knowledge - INFO - process ingested knowledge for /app/data/b2c/4316/b75467n/sample-4316/org.eclipse.example.calc/src/org/eclipse/example/calc/internal/operations/Square.java
2025-08-11 05:21:53,882 - Knowledge - INFO - done ingest for /app/data/b2c/4316/b75467n/sample-4316/org.eclipse.example.calc/src/org/eclipse/example/calc/internal/TextProvider.java
2025-08-11 05:21:53,883 - Knowledge - INFO - process ingested knowledge for /app/data/b2c/4316/b75467n/sample-4316/org.eclipse.example.calc/src/org/eclipse/example/calc/internal/TextProvider.java
2025-08-11 05:21:53,890 - Knowledge - INFO - Found code-base-name: https://github.com/kavia-common/sample-4316.git:kavia-master
2025-08-11 05:21:53,891 - Knowledge - INFO - Found code_base: <app.utils.kg_build.knowledge.KnowledgeCodeBase object at 0x7f3e281e8150>
2025-08-11 05:21:53,891 - Knowledge - INFO - persist ingested knowledge for /app/data/b2c/4316/b75467n/sample-4316/org.eclipse.example.calc/src/org/eclipse/example/calc/internal/operations/Square.java
2025-08-11 05:21:53,924 - Knowledge - INFO - done ingest for /app/data/b2c/4316/b75467n/sample-4316/org.eclipse.example.calc.test/tst/org/eclipse/example/calc/internal/operations/PlusTest.java
2025-08-11 05:21:53,924 - Knowledge - INFO - process ingested knowledge for /app/data/b2c/4316/b75467n/sample-4316/org.eclipse.example.calc.test/tst/org/eclipse/example/calc/internal/operations/PlusTest.java
2025-08-11 05:21:53,968 - Knowledge - INFO - Found code-base-name: https://github.com/kavia-common/sample-4316.git:kavia-master
2025-08-11 05:21:53,968 - Knowledge - INFO - Found code_base: <app.utils.kg_build.knowledge.KnowledgeCodeBase object at 0x7f3e281e8150>
2025-08-11 05:21:53,968 - Knowledge - INFO - persist ingested knowledge for /app/data/b2c/4316/b75467n/sample-4316/org.eclipse.example.calc/src/org/eclipse/example/calc/internal/TextProvider.java
2025-08-11 05:21:54,021 - Knowledge - INFO - Found code-base-name: https://github.com/kavia-common/sample-4316.git:kavia-master
2025-08-11 05:21:54,021 - Knowledge - INFO - Found code_base: <app.utils.kg_build.knowledge.KnowledgeCodeBase object at 0x7f3e281e8150>
2025-08-11 05:21:54,021 - Knowledge - INFO - persist ingested knowledge for /app/data/b2c/4316/b75467n/sample-4316/org.eclipse.example.calc.test/tst/org/eclipse/example/calc/internal/operations/PlusTest.java
2025-08-11 05:21:54,212 - Knowledge - INFO - done ingest for /app/data/b2c/4316/b75467n/sample-4316/org.eclipse.example.calc/src/org/eclipse/example/calc/internal/operations/Minus.java
2025-08-11 05:21:54,213 - Knowledge - INFO - process ingested knowledge for /app/data/b2c/4316/b75467n/sample-4316/org.eclipse.example.calc/src/org/eclipse/example/calc/internal/operations/Minus.java
2025-08-11 05:21:54,429 - Knowledge - INFO - done ingest for /app/data/b2c/4316/b75467n/sample-4316/org.eclipse.example.calc.test/tst/org/eclipse/example/calc/internal/operations/SquareTest.java
2025-08-11 05:21:54,433 - Knowledge - INFO - process ingested knowledge for /app/data/b2c/4316/b75467n/sample-4316/org.eclipse.example.calc.test/tst/org/eclipse/example/calc/internal/operations/SquareTest.java
2025-08-11 05:21:54,858 - Knowledge - INFO - persist search terms embedding for org.eclipse.example.calc/src/org/eclipse/example/calc/internal/operations/Square.java
2025-08-11 05:21:55,575 - Knowledge - INFO - persist search terms embedding for org.eclipse.example.calc/src/org/eclipse/example/calc/internal/TextProvider.java
2025-08-11 05:21:56,391 - Knowledge - INFO - persist search terms embedding for org.eclipse.example.calc.test/tst/org/eclipse/example/calc/internal/operations/PlusTest.java
2025-08-11 05:21:56,420 - Knowledge - INFO - Found code-base-name: https://github.com/kavia-common/sample-4316.git:kavia-master
2025-08-11 05:21:56,420 - Knowledge - INFO - Found code_base: <app.utils.kg_build.knowledge.KnowledgeCodeBase object at 0x7f3e281e8150>
2025-08-11 05:21:56,421 - Knowledge - INFO - persist ingested knowledge for /app/data/b2c/4316/b75467n/sample-4316/org.eclipse.example.calc.test/tst/org/eclipse/example/calc/internal/operations/SquareTest.java
2025-08-11 05:21:56,446 - Knowledge - INFO - Found code-base-name: https://github.com/kavia-common/sample-4316.git:kavia-master
2025-08-11 05:21:56,446 - Knowledge - INFO - Found code_base: <app.utils.kg_build.knowledge.KnowledgeCodeBase object at 0x7f3e281e8150>
2025-08-11 05:21:56,446 - Knowledge - INFO - persist ingested knowledge for /app/data/b2c/4316/b75467n/sample-4316/org.eclipse.example.calc/src/org/eclipse/example/calc/internal/operations/Minus.java
2025-08-11 05:21:57,200 - Knowledge - INFO - persist search terms embedding for org.eclipse.example.calc.test/tst/org/eclipse/example/calc/internal/operations/SquareTest.java
2025-08-11 05:21:58,093 - Knowledge - INFO - persist search terms embedding for org.eclipse.example.calc/src/org/eclipse/example/calc/internal/operations/Minus.java
2025-08-11 05:21:59,573 - Knowledge - INFO - done ingest for /app/data/b2c/4316/b75467n/sample-4316/org.eclipse.example.calc/src/org/eclipse/example/calc/Operations.java
2025-08-11 05:21:59,573 - Knowledge - INFO - process ingested knowledge for /app/data/b2c/4316/b75467n/sample-4316/org.eclipse.example.calc/src/org/eclipse/example/calc/Operations.java
2025-08-11 05:21:59,608 - Knowledge - INFO - Found code-base-name: https://github.com/kavia-common/sample-4316.git:kavia-master
2025-08-11 05:21:59,608 - Knowledge - INFO - Found code_base: <app.utils.kg_build.knowledge.KnowledgeCodeBase object at 0x7f3e281e8150>
2025-08-11 05:21:59,608 - Knowledge - INFO - persist ingested knowledge for /app/data/b2c/4316/b75467n/sample-4316/org.eclipse.example.calc/src/org/eclipse/example/calc/Operations.java
2025-08-11 05:22:00,258 - Knowledge - INFO - persist search terms embedding for org.eclipse.example.calc/src/org/eclipse/example/calc/Operations.java
2025-08-11 05:22:01,166 - Knowledge - INFO - done ingest for /app/data/b2c/4316/b75467n/sample-4316/org.eclipse.example.calc.test/tst/org/eclipse/example/calc/OperationsTest.java
2025-08-11 05:22:01,166 - Knowledge - INFO - process ingested knowledge for /app/data/b2c/4316/b75467n/sample-4316/org.eclipse.example.calc.test/tst/org/eclipse/example/calc/OperationsTest.java
2025-08-11 05:22:01,349 - Knowledge - INFO - Found code-base-name: https://github.com/kavia-common/sample-4316.git:kavia-master
2025-08-11 05:22:01,350 - Knowledge - INFO - Found code_base: <app.utils.kg_build.knowledge.KnowledgeCodeBase object at 0x7f3e281e8150>
2025-08-11 05:22:01,350 - Knowledge - INFO - persist ingested knowledge for /app/data/b2c/4316/b75467n/sample-4316/org.eclipse.example.calc.test/tst/org/eclipse/example/calc/OperationsTest.java
2025-08-11 05:22:02,588 - Knowledge - INFO - persist search terms embedding for org.eclipse.example.calc.test/tst/org/eclipse/example/calc/OperationsTest.java
2025-08-11 05:22:03,920 - Knowledge - INFO - done ingest for /app/data/b2c/4316/b75467n/sample-4316/org.eclipse.example.calc.test/tst/org/eclipse/example/calc/internal/CalculatorTest.java
2025-08-11 05:22:03,920 - Knowledge - INFO - process ingested knowledge for /app/data/b2c/4316/b75467n/sample-4316/org.eclipse.example.calc.test/tst/org/eclipse/example/calc/internal/CalculatorTest.java
2025-08-11 05:22:03,927 - Knowledge - INFO - done ingest for /app/data/b2c/4316/b75467n/sample-4316/org.eclipse.example.calc/src/org/eclipse/example/calc/internal/Calculator.java
2025-08-11 05:22:03,927 - Knowledge - INFO - process ingested knowledge for /app/data/b2c/4316/b75467n/sample-4316/org.eclipse.example.calc/src/org/eclipse/example/calc/internal/Calculator.java
2025-08-11 05:22:04,020 - Knowledge - INFO - Found code-base-name: https://github.com/kavia-common/sample-4316.git:kavia-master
2025-08-11 05:22:04,021 - Knowledge - INFO - Found code_base: <app.utils.kg_build.knowledge.KnowledgeCodeBase object at 0x7f3e281e8150>
2025-08-11 05:22:04,021 - Knowledge - INFO - persist ingested knowledge for /app/data/b2c/4316/b75467n/sample-4316/org.eclipse.example.calc/src/org/eclipse/example/calc/internal/Calculator.java
2025-08-11 05:22:04,146 - Knowledge - INFO - Found code-base-name: https://github.com/kavia-common/sample-4316.git:kavia-master
2025-08-11 05:22:04,146 - Knowledge - INFO - Found code_base: <app.utils.kg_build.knowledge.KnowledgeCodeBase object at 0x7f3e281e8150>
2025-08-11 05:22:04,147 - Knowledge - INFO - persist ingested knowledge for /app/data/b2c/4316/b75467n/sample-4316/org.eclipse.example.calc.test/tst/org/eclipse/example/calc/internal/CalculatorTest.java
2025-08-11 05:22:04,419 - Knowledge - INFO - done ingest for /app/data/b2c/4316/b75467n/sample-4316/org.eclipse.example.calc/src/org/eclipse/example/calc/internal/ui/swing/CalculatorUI.java
2025-08-11 05:22:04,428 - Knowledge - INFO - process ingested knowledge for /app/data/b2c/4316/b75467n/sample-4316/org.eclipse.example.calc/src/org/eclipse/example/calc/internal/ui/swing/CalculatorUI.java
2025-08-11 05:22:05,366 - Knowledge - INFO - persist search terms embedding for org.eclipse.example.calc.test/tst/org/eclipse/example/calc/internal/CalculatorTest.java
2025-08-11 05:22:05,414 - Knowledge - INFO - done ingest for /app/data/b2c/4316/b75467n/sample-4316/org.eclipse.example.calc/src/org/eclipse/example/calc/internal/ui/swt/CalculatorUI.java
2025-08-11 05:22:05,417 - Knowledge - INFO - process ingested knowledge for /app/data/b2c/4316/b75467n/sample-4316/org.eclipse.example.calc/src/org/eclipse/example/calc/internal/ui/swt/CalculatorUI.java
2025-08-11 05:22:05,757 - Knowledge - INFO - persist search terms embedding for org.eclipse.example.calc/src/org/eclipse/example/calc/internal/Calculator.java
2025-08-11 05:22:05,762 - Knowledge - INFO - Found code-base-name: https://github.com/kavia-common/sample-4316.git:kavia-master
2025-08-11 05:22:05,762 - Knowledge - INFO - Found code_base: <app.utils.kg_build.knowledge.KnowledgeCodeBase object at 0x7f3e281e8150>
2025-08-11 05:22:05,762 - Knowledge - INFO - persist ingested knowledge for /app/data/b2c/4316/b75467n/sample-4316/org.eclipse.example.calc/src/org/eclipse/example/calc/internal/ui/swt/CalculatorUI.java
2025-08-11 05:22:06,151 - Knowledge - INFO - persist search terms embedding for org.eclipse.example.calc/src/org/eclipse/example/calc/internal/ui/swt/CalculatorUI.java
2025-08-11 05:22:06,156 - Knowledge - INFO - Found code-base-name: https://github.com/kavia-common/sample-4316.git:kavia-master
2025-08-11 05:22:06,157 - Knowledge - INFO - Found code_base: <app.utils.kg_build.knowledge.KnowledgeCodeBase object at 0x7f3e281e8150>
2025-08-11 05:22:06,157 - Knowledge - INFO - persist ingested knowledge for /app/data/b2c/4316/b75467n/sample-4316/org.eclipse.example.calc/src/org/eclipse/example/calc/internal/ui/swing/CalculatorUI.java
2025-08-11 05:22:07,656 - Knowledge - INFO - persist search terms embedding for org.eclipse.example.calc/src/org/eclipse/example/calc/internal/ui/swing/CalculatorUI.java
2025-08-11 05:22:07,661 - Knowledge - INFO - Knowledge creation complete
2025-08-11 05:22:07,662 - Knowledge - INFO - Updating org costs, total cost: 0.0057462
2025-08-11 05:22:07,863 - Knowledge - INFO - Saving knowledge to Redis...
2025-08-11 05:22:07,879 - Knowledge - INFO - Knowledge saved to Redis successfully
